<html>
<body>
<pre>
<h1>礦ision Build Log</h1>
<h2>Project:</h2>
E:\科研\华禹\代码\F4\HuaYu_WPT_Trans\Trans_Basic\MDK-ARM\Trans_Basic.uvprojx
Project File Date:  03/18/2020

<h2>Output:</h2>
Build target 'Trans_Basic'
compiling main.c...
linking...
Program Size: Code=10256 RO-data=456 RW-data=16 ZI-data=2040  
FromELF: creating hex file...
"Trans_Basic\Trans_Basic.axf" - 0 Error(s), 0 Warning(s).

<h2>Software Packages used:</h2>

Package Vendor: ARM
                http://www.keil.com/pack/ARM.CMSIS.3.20.3.pack
                ARM::CMSIS:CORE:3.20.0
                Cortex Microcontroller Software Interface Standard (CMSIS) CORE, DSP, RTOS, Driver
   * Component: CORE Version: 3.20.0

<h2>Collection of Component include folders:</h2>
  E:\科研\华禹\代码\F4\HuaYu_WPT_Trans\Trans_Basic\MDK-ARM\RTE
  E:\Keil5\ARM\PACK\ARM\CMSIS\3.20.3\CMSIS\Include\

<h2>Collection of Component Files used:</h2>

   * Component: ARM::CMSIS:CORE:3.20.0
</pre>
</body>
</html>
ompiling stm32f4xx_hal_dma.c...
compiling stm32f4xx_hal_pwr.c...
compiling stm32f4xx_hal_pwr_ex.c...
compiling stm32f4xx_hal_cortex.c...
compiling stm32f4xx_hal.c...
compiling system_stm32f4xx.c...
linking...
Program Size: Code=10256 RO-data=456 RW-data=16 ZI-data=2040  
FromELF: creating hex file...
"Trans_Basic\Trans_Basic.axf" - 0 Error(s), 0 Warning(s).

<h2>Software Packages used:</h2>

Package Vendor: ARM
                http://www.keil.com/pack/ARM.CMSIS.3.20.3.pack
                ARM::CMSIS:CORE:3.20.0
                Cortex Microcontroller Software Interface Standard (CMSIS) CORE, DSP, RTOS, Driver
   * Component: CORE Version: 3.20.0

<h2>Collection of Component include folders:</h2>
  E:\科研\华禹\代码\F4\HuaYu_WPT_Trans\Trans_Basic\MDK-ARM\RTE
  E:\Keil5\ARM\PACK\ARM\CMSIS\3.20.3\CMSIS\Include\

<h2>Collection of Component Files used:</h2>

   * Component: ARM::CMSIS:CORE:3.20.0
